[{
  "comments": [{
    "author": {
      "login": "yjshen"
    },
    "body": "The query is:\n\n``` scala\ncreateQueryTest(\"constant object inspector for generic udf\",\n    \"\"\"SELECT named_struct(\n      lower(\"AA\"), \"10\",\n      repeat(lower(\"AA\"), 3), \"11\",\n      lower(repeat(\"AA\", 3)), \"12\",\n      printf(\"Bb%d\", 12), \"13\",\n      repeat(printf(\"s%d\", 14), 2), \"14\") FROM src LIMIT 1\"\"\")\n```\n\nSince `printf` in Hive didn't change word case in `Bb%d`, therefore, `Bb12` is the right answer\n",
    "commit": "4cd3375ac6da46ae52b21a9b63340cc88b09a3f2",
    "createdAt": "2015-06-24T02:58:47Z",
    "diffHunk": "@@ -1 +1 @@\n-{\"aa\":\"10\",\"aaaaaa\":\"11\",\"aaaaaa\":\"12\",\"bb12\":\"13\",\"s14s14\":\"14\"}\n+{\"aa\":\"10\",\"aaaaaa\":\"11\",\"aaaaaa\":\"12\",\"Bb12\":\"13\",\"s14s14\":\"14\"}"
  }, {
    "author": {
      "login": "marmbrus"
    },
    "body": "We shouldn't change machine generated golden answers though.  If we are going to differ from hive use `checkAnswer` instead.\n",
    "commit": "4cd3375ac6da46ae52b21a9b63340cc88b09a3f2",
    "createdAt": "2015-06-24T20:46:50Z",
    "diffHunk": "@@ -1 +1 @@\n-{\"aa\":\"10\",\"aaaaaa\":\"11\",\"aaaaaa\":\"12\",\"bb12\":\"13\",\"s14s14\":\"14\"}\n+{\"aa\":\"10\",\"aaaaaa\":\"11\",\"aaaaaa\":\"12\",\"Bb12\":\"13\",\"s14s14\":\"14\"}"
  }],
  "prId": 6874
}]