[{
  "comments": [{
    "author": {
      "login": "maropu"
    },
    "body": "The case '0' is the same with the current Hive?\r\nhttps://github.com/apache/spark/pull/25214/files#diff-303a0a0e4383242d22307edcdd82e1f1L60",
    "commit": "564c79926c8d51a4086c7171c957a0dbb62ee8e2",
    "createdAt": "2019-07-21T02:04:02Z",
    "diffHunk": "@@ -1,38 +1,38 @@\n NULL\t0\n--1234567890.123456789\t-1234567890\n--4400\t4400\n--1255.49\t-1255\n--1.122\t-11\n--1.12\t-1\n--1.12\t-1\n--0.333\t0\n--0.33\t0\n--0.3\t0\n-0\t0\n-0\t0\n-0\t0\n-0.01\t0\n-0.02\t0\n-0.1\t0\n-0.2\t0\n-0.3\t0\n-0.33\t0\n-0.333\t0\n+-1234567890.1234567890000000000000000\t-1234567890\n+-4400.0000000000000000000000000\t4400\n+-1255.4900000000000000000000000\t-1255\n+-1.1220000000000000000000000\t-11\n+-1.1200000000000000000000000\t-1\n+-1.1200000000000000000000000\t-1\n+-0.3330000000000000000000000\t0\n+-0.3300000000000000000000000\t0\n+-0.3000000000000000000000000\t0\n+0.0000000000000000000000000\t0",
    "line": 30
  }, {
    "author": {
      "login": "wangyum"
    },
    "body": "Yes. https://github.com/apache/hive/blob/release-2.3.5-rc0/ql/src/test/results/clientpositive/decimal_4.q.out#L69\r\n\r\n```scala\r\nscala> val d1 = java.math.BigDecimal.ZERO\r\nd1: java.math.BigDecimal = 0\r\n\r\nscala> val d2 = java.math.BigDecimal.ZERO.setScale(8)\r\nd2: java.math.BigDecimal = 0E-8\r\n\r\nscala> d1.compareTo(d2)\r\nres0: Int = 0\r\n\r\nscala> d1.toPlainString\r\nres1: String = 0\r\n\r\nscala> d2.toPlainString\r\nres2: String = 0.00000000\r\n```",
    "commit": "564c79926c8d51a4086c7171c957a0dbb62ee8e2",
    "createdAt": "2019-07-21T02:31:45Z",
    "diffHunk": "@@ -1,38 +1,38 @@\n NULL\t0\n--1234567890.123456789\t-1234567890\n--4400\t4400\n--1255.49\t-1255\n--1.122\t-11\n--1.12\t-1\n--1.12\t-1\n--0.333\t0\n--0.33\t0\n--0.3\t0\n-0\t0\n-0\t0\n-0\t0\n-0.01\t0\n-0.02\t0\n-0.1\t0\n-0.2\t0\n-0.3\t0\n-0.33\t0\n-0.333\t0\n+-1234567890.1234567890000000000000000\t-1234567890\n+-4400.0000000000000000000000000\t4400\n+-1255.4900000000000000000000000\t-1255\n+-1.1220000000000000000000000\t-11\n+-1.1200000000000000000000000\t-1\n+-1.1200000000000000000000000\t-1\n+-0.3330000000000000000000000\t0\n+-0.3300000000000000000000000\t0\n+-0.3000000000000000000000000\t0\n+0.0000000000000000000000000\t0",
    "line": 30
  }, {
    "author": {
      "login": "maropu"
    },
    "body": "Thanks for the check!",
    "commit": "564c79926c8d51a4086c7171c957a0dbb62ee8e2",
    "createdAt": "2019-07-21T03:18:50Z",
    "diffHunk": "@@ -1,38 +1,38 @@\n NULL\t0\n--1234567890.123456789\t-1234567890\n--4400\t4400\n--1255.49\t-1255\n--1.122\t-11\n--1.12\t-1\n--1.12\t-1\n--0.333\t0\n--0.33\t0\n--0.3\t0\n-0\t0\n-0\t0\n-0\t0\n-0.01\t0\n-0.02\t0\n-0.1\t0\n-0.2\t0\n-0.3\t0\n-0.33\t0\n-0.333\t0\n+-1234567890.1234567890000000000000000\t-1234567890\n+-4400.0000000000000000000000000\t4400\n+-1255.4900000000000000000000000\t-1255\n+-1.1220000000000000000000000\t-11\n+-1.1200000000000000000000000\t-1\n+-1.1200000000000000000000000\t-1\n+-0.3330000000000000000000000\t0\n+-0.3300000000000000000000000\t0\n+-0.3000000000000000000000000\t0\n+0.0000000000000000000000000\t0",
    "line": 30
  }],
  "prId": 25214
}]