[{
  "comments": [{
    "author": {
      "login": "marmbrus"
    },
    "body": "Lets not put the test jar in `resources/data/files/`, as that is a directory that we copied from hive, and might replace in the future.\n",
    "commit": "98b4e4b9b788e473b52153b5fb792ca43d4f6b1a",
    "createdAt": "2015-04-21T22:28:59Z",
    "diffHunk": "@@ -0,0 +1,2 @@\n+97\t500\n+97\t500",
    "line": 2
  }, {
    "author": {
      "login": "chenghao-intel"
    },
    "body": "Yes, moved into `resources/`\n",
    "commit": "98b4e4b9b788e473b52153b5fb792ca43d4f6b1a",
    "createdAt": "2015-04-24T02:59:27Z",
    "diffHunk": "@@ -0,0 +1,2 @@\n+97\t500\n+97\t500",
    "line": 2
  }],
  "prId": 5383
}]