[{
  "comments": [{
    "author": {
      "login": "rxin"
    },
    "body": "why did we change the output?\n",
    "commit": "d9565fa49c9f26bf38db8f7028c8959b54297954",
    "createdAt": "2015-06-09T23:31:25Z",
    "diffHunk": "@@ -1 +1 @@\n--0.0010000000000000009\n+-0.001",
    "line": 2
  }, {
    "author": {
      "login": "davies"
    },
    "body": "The old result has float error.\n",
    "commit": "d9565fa49c9f26bf38db8f7028c8959b54297954",
    "createdAt": "2015-06-10T06:44:17Z",
    "diffHunk": "@@ -1 +1 @@\n--0.0010000000000000009\n+-0.001",
    "line": 2
  }],
  "prId": 6733
}]