[{
  "comments": [{
    "author": {
      "login": "dongjoon-hyun"
    },
    "body": "Surprisingly, this test case was added at 3a845d3c048eebb0bddb3937128746fde3e8e4d8 .",
    "commit": "7dc017eab35bfa53148e42b6f5a853965ac6379c",
    "createdAt": "2019-05-22T07:16:15Z",
    "diffHunk": "@@ -1,4 +1,4 @@\n a ^ b - Bitwise exclusive or\n Example:\n   > SELECT 3 ^ 5 FROM src LIMIT 1;\n-  2\n+  6",
    "line": 5
  }, {
    "author": {
      "login": "HyukjinKwon"
    },
    "body": "ancient test case ..",
    "commit": "7dc017eab35bfa53148e42b6f5a853965ac6379c",
    "createdAt": "2019-05-22T07:40:55Z",
    "diffHunk": "@@ -1,4 +1,4 @@\n a ^ b - Bitwise exclusive or\n Example:\n   > SELECT 3 ^ 5 FROM src LIMIT 1;\n-  2\n+  6",
    "line": 5
  }],
  "prId": 24674
}]